
 ⛅️ wrangler 4.132.0 (update available 4.134.0)
───────────────────────────────────────────────
Resource location: remote 

[33m▲ [43;33m[[43;30mWARNING[43;33m][0m [1m⚠️ This process may take some time, during which your D1 database will be unavailable to serve queries.[0m


🌀 Executing on remote database fsb-portal (6b6807bb-e4e0-4f1c-9f97-9cc98abb1262):
🌀 To execute on your local development database, remove the --remote flag from your wrangler command.
Note: if the execution fails to complete, your DB will return to its original state and you can safely retry.
├ Checking if file needs uploading
│
├ 🌀 Uploading 6b6807bb-e4e0-4f1c-9f97-9cc98abb1262.909d0c829be536ee.sql
│ 🌀 Uploading complete.
│
🌀 Starting import...
🌀 Processed 9 queries.
🚣 Executed 9 queries in 2.38ms (21 rows read, 13 rows written)
   Database is currently at bookmark 00000190-0000003c-000050ea-29d06e8bb95770b3fb833460574b690e.
[
  {
    "results": [
      {
        "Total queries executed": 9,
        "Rows read": 21,
        "Rows written": 13,
        "Database size (MB)": "0.18"
      }
    ],
    "success": true,
    "finalBookmark": "00000190-0000003c-000050ea-29d06e8bb95770b3fb833460574b690e",
    "meta": {
      "served_by": "v3-prod",
      "served_by_region": "ENAM",
      "served_by_colo": "ORD",
      "served_by_primary": true,
      "timings": {
        "sql_duration_ms": 2.3834
      },
      "duration": 2.3834,
      "changes": 13,
      "last_row_id": 7,
      "changed_db": true,
      "size_after": 184320,
      "rows_read": 21,
      "rows_written": 13,
      "num_tables": 14,
      "total_attempts": 1
    }
  }
]

 ⛅️ wrangler 4.132.0 (update available 4.134.0)
───────────────────────────────────────────────
Resource location: remote 

Deleting object "doc/omu6jiil9hjqbab/dmu6jiiq5vz8vb2" from bucket "fsb-portal-docs".
Delete complete.
