
 ⛅️ wrangler 4.132.0 (update available 4.134.0)
───────────────────────────────────────────────
Resource location: remote 

[33m▲ [43;33m[[43;30mWARNING[43;33m][0m [1mProcessing wrangler.toml configuration:[0m

  
    - "env.demo" environment configuration
      - The following vars exist at the top level, but not on "env.demo.vars".
        This is probably not what you want, since "vars" configuration is not inherited by environments.
        Please add these vars to "env.demo.vars":
        - VENDOR_EMAIL
        - MAIL_FROM
        - MAIL_INBOUND
      - "send_email" exists at the top level, but not on "env.demo".
        This is not what you probably want, since "send_email" is not inherited by environments.
        Please add "send_email" to "env.demo".
      - "r2_buckets" exists at the top level, but not on "env.demo".
        This is not what you probably want, since "r2_buckets" is not inherited by environments.
        Please add "r2_buckets" to "env.demo".


🌀 Executing on remote database fsb-portal-demo (a438ae7f-9794-418f-b2b6-baab86b168ab):
🌀 To execute on your local development database, remove the --remote flag from your wrangler command.
🚣 Executed 2 commands in 0.28ms
[
  {
    "results": [],
    "success": true,
    "meta": {
      "served_by": "v3-prod",
      "served_by_region": "ENAM",
      "served_by_colo": "ORD",
      "served_by_primary": true,
      "timings": {
        "sql_duration_ms": 0.2003
      },
      "duration": 0.2003,
      "changes": 4,
      "last_row_id": 0,
      "changed_db": true,
      "size_after": 258048,
      "rows_read": 0,
      "rows_written": 4,
      "total_attempts": 1
    }
  },
  {
    "results": [],
    "success": true,
    "meta": {
      "served_by": "v3-prod",
      "served_by_region": "ENAM",
      "served_by_colo": "ORD",
      "served_by_primary": true,
      "timings": {
        "sql_duration_ms": 0.076
      },
      "duration": 0.076,
      "changes": 4,
      "last_row_id": 0,
      "changed_db": true,
      "size_after": 258048,
      "rows_read": 0,
      "rows_written": 4,
      "total_attempts": 1
    }
  }
]
